[colab] Uploaded '/tmp/datafest-colab-reyvctlx/bundle.tar.gz' to '/content/datafest-bundle.tar.gz'
CompletedProcess(args=['nvidia-smi'], returncode=0)
[0;31m---------------------------------------------------------------------------[0m[0;31mImportError[0m                               Traceback (most recent call last)[0;32m/tmp/ipykernel_1809/2855831314.py[0m in [0;36m<cell line: 0>[0;34m()[0m
[1;32m      3[0m [0mos[0m[0;34m.[0m[0mchdir[0m[0;34m([0m[0;34m'/content/datafest'[0m[0;34m)[0m[0;34m[0m[0;34m[0m[0m
[1;32m      4[0m [0msys[0m[0;34m.[0m[0mpath[0m[0;34m.[0m[0minsert[0m[0;34m([0m[0;36m0[0m[0;34m,[0m[0;34m'/content/datafest/src'[0m[0;34m)[0m[0;34m[0m[0;34m[0m[0m
[0;32m----> 5[0;31m [0;32mfrom[0m [0mdatafest[0m[0;34m.[0m[0mfoundation[0m [0;32mimport[0m [0mrun_foundation[0m[0;34m[0m[0;34m[0m[0m
[0m[1;32m      6[0m [0;32mfrom[0m [0mdatafest[0m[0;34m.[0m[0mlineage[0m [0;32mimport[0m [0mwrite_json[0m[0;34m[0m[0;34m[0m[0m
[1;32m      7[0m [0;32mtry[0m[0;34m:[0m[0;34m[0m[0;34m[0m[0m
[0;32m/content/datafest/src/datafest/foundation.py[0m in [0;36m<module>[0;34m[0m
[1;32m     13[0m [0;32mimport[0m [0mpandas[0m [0;32mas[0m [0mpd[0m[0;34m[0m[0;34m[0m[0m
[1;32m     14[0m [0;34m[0m[0m
[0;32m---> 15[0;31m [0;32mfrom[0m [0mdatafest[0m[0;34m.[0m[0mablation[0m [0;32mimport[0m [0mROLLING_CUTS[0m[0;34m,[0m [0m_feature_matrix[0m[0;34m[0m[0;34m[0m[0m
[0m[1;32m     16[0m [0;32mfrom[0m [0mdatafest[0m[0;34m.[0m[0mdiagnostics[0m [0;32mimport[0m [0matomic_csv[0m[0;34m,[0m [0mmanifest[0m[0;34m,[0m [0mmetrics[0m[0;34m,[0m [0mprobability_frame[0m[0;34m,[0m [0msave_pickle[0m[0;34m,[0m [0msplit_assignments[0m[0;34m[0m[0;34m[0m[0m
[1;32m     17[0m [0;32mfrom[0m [0mdatafest[0m[0;34m.[0m[0mlineage[0m [0;32mimport[0m [0mfile_record[0m[0;34m,[0m [0msha256_file[0m[0;34m,[0m [0mverify_file_records[0m[0;34m,[0m [0mwrite_json[0m[0;34m[0m[0;34m[0m[0m
[0;32m/content/datafest/src/datafest/ablation.py[0m in [0;36m<module>[0;34m[0m
[1;32m     13[0m [0;32mfrom[0m [0mdatafest[0m[0;34m.[0m[0mfeatures[0m [0;32mimport[0m [0mHISTORY_FEATURES[0m[0;34m,[0m [0madd_history_features[0m[0;34m,[0m [0m_month_ordinal[0m[0;34m[0m[0;34m[0m[0m
[1;32m     14[0m [0;32mfrom[0m [0mdatafest[0m[0;34m.[0m[0mlineage[0m [0;32mimport[0m [0mfile_record[0m[0;34m,[0m [0msha256_file[0m[0;34m,[0m [0mwrite_json[0m[0;34m[0m[0;34m[0m[0m
[0;32m---> 15[0;31m [0;32mfrom[0m [0mdatafest[0m[0;34m.[0m[0mmetrics[0m [0;32mimport[0m [0mcompute_metrics[0m[0;34m[0m[0;34m[0m[0m
[0m[1;32m     16[0m [0;32mfrom[0m [0mdatafest[0m[0;34m.[0m[0mmodels[0m [0;32mimport[0m [0mMODEL_CONFIGS[0m[0;34m,[0m [0mSEED[0m[0;34m,[0m [0mfit_model[0m[0;34m[0m[0;34m[0m[0m
[1;32m     17[0m [0;32mfrom[0m [0mdatafest[0m[0;34m.[0m[0msplitting[0m [0;32mimport[0m [0mmake_inner_temporal_folds[0m[0;34m[0m[0;34m[0m[0m
[0;32m/content/datafest/src/datafest/metrics.py[0m in [0;36m<module>[0;34m[0m
[1;32m      2[0m [0;34m[0m[0m
[1;32m      3[0m [0;32mimport[0m [0mnumpy[0m [0;32mas[0m [0mnp[0m[0;34m[0m[0;34m[0m[0m
[0;32m----> 4[0;31m [0;32mfrom[0m [0msklearn[0m[0;34m.[0m[0mmetrics[0m [0;32mimport[0m [0maverage_precision_score[0m[0;34m,[0m [0mroc_auc_score[0m[0;34m[0m[0;34m[0m[0m
[0m[1;32m      5[0m [0;34m[0m[0m
[1;32m      6[0m [0;34m[0m[0m
[0;32m/usr/local/lib/python3.13/dist-packages/sklearn/__init__.py[0m in [0;36m<module>[0;34m[0m
[1;32m     68[0m [0;31m# it and importing it first would fail if the OpenMP dll cannot be found.[0m[0;34m[0m[0;34m[0m[0m
[1;32m     69[0m [0;32mfrom[0m [0msklearn[0m [0;32mimport[0m [0m__check_build[0m[0;34m,[0m [0m_distributor_init[0m  [0;31m# noqa: E402 F401[0m[0;34m[0m[0;34m[0m[0m
[0;32m---> 70[0;31m [0;32mfrom[0m [0msklearn[0m[0;34m.[0m[0mbase[0m [0;32mimport[0m [0mclone[0m  [0;31m# noqa: E402[0m[0;34m[0m[0;34m[0m[0m
[0m[1;32m     71[0m [0;32mfrom[0m [0msklearn[0m[0;34m.[0m[0mutils[0m[0;34m.[0m[0m_show_versions[0m [0;32mimport[0m [0mshow_versions[0m  [0;31m# noqa: E402[0m[0;34m[0m[0;34m[0m[0m
[1;32m     72[0m [0;34m[0m[0m
[0;32m/usr/local/lib/python3.13/dist-packages/sklearn/base.py[0m in [0;36m<module>[0;34m[0m
[1;32m     17[0m [0;32mfrom[0m [0msklearn[0m[0;34m.[0m[0m_config[0m [0;32mimport[0m [0mconfig_context[0m[0;34m,[0m [0mget_config[0m[0;34m[0m[0;34m[0m[0m
[1;32m     18[0m [0;32mfrom[0m [0msklearn[0m[0;34m.[0m[0mexceptions[0m [0;32mimport[0m [0mInconsistentVersionWarning[0m[0;34m[0m[0;34m[0m[0m
[0;32m---> 19[0;31m [0;32mfrom[0m [0msklearn[0m[0;34m.[0m[0mutils[0m[0;34m.[0m[0m_metadata_requests[0m [0;32mimport[0m [0m_MetadataRequester[0m[0;34m,[0m [0m_routing_enabled[0m[0;34m[0m[0;34m[0m[0m
[0m[1;32m     20[0m [0;32mfrom[0m [0msklearn[0m[0;34m.[0m[0mutils[0m[0;34m.[0m[0m_missing[0m [0;32mimport[0m [0mis_pandas_na[0m[0;34m,[0m [0mis_scalar_nan[0m[0;34m[0m[0;34m[0m[0m
[1;32m     21[0m [0;32mfrom[0m [0msklearn[0m[0;34m.[0m[0mutils[0m[0;34m.[0m[0m_param_validation[0m [0;32mimport[0m [0mvalidate_parameter_constraints[0m[0;34m[0m[0;34m[0m[0m
[0;32m/usr/local/lib/python3.13/dist-packages/sklearn/utils/__init__.py[0m in [0;36m<module>[0;34m[0m
[1;32m      7[0m [0;32mfrom[0m [0msklearn[0m[0;34m.[0m[0mutils[0m [0;32mimport[0m [0mmetadata_routing[0m[0;34m[0m[0;34m[0m[0m
[1;32m      8[0m [0;32mfrom[0m [0msklearn[0m[0;34m.[0m[0mutils[0m[0;34m.[0m[0m_bunch[0m [0;32mimport[0m [0mBunch[0m[0;34m[0m[0;34m[0m[0m
[0;32m----> 9[0;31m [0;32mfrom[0m [0msklearn[0m[0;34m.[0m[0mutils[0m[0;34m.[0m[0m_chunking[0m [0;32mimport[0m [0mgen_batches[0m[0;34m,[0m [0mgen_even_slices[0m[0;34m[0m[0;34m[0m[0m
[0m[1;32m     10[0m [0;34m[0m[0m
[1;32m     11[0m [0;31m# Make _safe_indexing importable from here for backward compat as this particular[0m[0;34m[0m[0;34m[0m[0m
[0;32m/usr/local/lib/python3.13/dist-packages/sklearn/utils/_chunking.py[0m in [0;36m<module>[0;34m[0m
[1;32m      9[0m [0;34m[0m[0m
[1;32m     10[0m [0;32mfrom[0m [0msklearn[0m[0;34m.[0m[0m_config[0m [0;32mimport[0m [0mget_config[0m[0;34m[0m[0;34m[0m[0m
[0;32m---> 11[0;31m [0;32mfrom[0m [0msklearn[0m[0;34m.[0m[0mutils[0m[0;34m.[0m[0m_param_validation[0m [0;32mimport[0m [0mInterval[0m[0;34m,[0m [0mvalidate_params[0m[0;34m[0m[0;34m[0m[0m
[0m[1;32m     12[0m [0;34m[0m[0m
[1;32m     13[0m [0;34m[0m[0m
[0;32m/usr/local/lib/python3.13/dist-packages/sklearn/utils/_param_validation.py[0m in [0;36m<module>[0;34m[0m
[1;32m     12[0m [0;34m[0m[0m
[1;32m     13[0m [0;32mimport[0m [0mnumpy[0m [0;32mas[0m [0mnp[0m[0;34m[0m[0;34m[0m[0m
[0;32m---> 14[0;31m [0;32mfrom[0m [0mscipy[0m[0;34m.[0m[0msparse[0m [0;32mimport[0m [0mcsr_matrix[0m[0;34m,[0m [0missparse[0m[0;34m[0m[0;34m[0m[0m
[0m[1;32m     15[0m [0;34m[0m[0m
[1;32m     16[0m [0;32mfrom[0m [0msklearn[0m[0;34m.[0m[0m_config[0m [0;32mimport[0m [0mconfig_context[0m[0;34m,[0m [0mget_config[0m[0;34m[0m[0;34m[0m[0m
[0;32m/usr/local/lib/python3.13/dist-packages/scipy/sparse/__init__.py[0m in [0;36m<module>[0;34m[0m
[1;32m    249[0m [0;34m[0m[0m
[1;32m    250[0m [0;32mfrom[0m [0;34m.[0m[0m_base[0m [0;32mimport[0m [0;34m*[0m[0;34m[0m[0;34m[0m[0m
[0;32m--> 251[0;31m [0;32mfrom[0m [0;34m.[0m[0m_csr[0m [0;32mimport[0m [0;34m*[0m[0;34m[0m[0;34m[0m[0m
[0m[1;32m    252[0m [0;32mfrom[0m [0;34m.[0m[0m_csc[0m [0;32mimport[0m [0;34m*[0m[0;34m[0m[0;34m[0m[0m
[1;32m    253[0m [0;32mfrom[0m [0;34m.[0m[0m_lil[0m [0;32mimport[0m [0;34m*[0m[0;34m[0m[0;34m[0m[0m
[0;32m/usr/local/lib/python3.13/dist-packages/scipy/sparse/_csr.py[0m in [0;36m<module>[0;34m[0m
[1;32m     13[0m [0;32mfrom[0m [0;34m.[0m[0m_sputils[0m [0;32mimport[0m [0mupcast[0m[0;34m[0m[0;34m[0m[0m
[1;32m     14[0m [0;34m[0m[0m
[0;32m---> 15[0;31m [0;32mfrom[0m [0;34m.[0m[0m_compressed[0m [0;32mimport[0m [0m_cs_matrix[0m[0;34m[0m[0;34m[0m[0m
[0m[1;32m     16[0m [0;34m[0m[0m
[1;32m     17[0m [0;34m[0m[0m
[0;32m/usr/local/lib/python3.13/dist-packages/scipy/sparse/_compressed.py[0m in [0;36m<module>[0;34m[0m
[1;32m      6[0m [0;34m[0m[0m
[1;32m      7[0m [0;32mimport[0m [0mnumpy[0m [0;32mas[0m [0mnp[0m[0;34m[0m[0;34m[0m[0m
[0;32m----> 8[0;31m [0;32mfrom[0m [0mscipy[0m[0;34m.[0m[0m_lib[0m[0;34m.[0m[0m_util[0m [0;32mimport[0m [0m_prune_array[0m[0;34m,[0m [0mcopy_if_needed[0m[0;34m[0m[0;34m[0m[0m
[0m[1;32m      9[0m [0;34m[0m[0m
[1;32m     10[0m [0;32mfrom[0m [0;34m.[0m[0m_base[0m [0;32mimport[0m [0m_spbase[0m[0;34m,[0m [0missparse[0m[0;34m,[0m [0msparray[0m[0;34m,[0m [0mSparseEfficiencyWarning[0m[0;34m[0m[0;34m[0m[0m
[0;32m/usr/local/lib/python3.13/dist-packages/scipy/_lib/_util.py[0m in [0;36m<module>[0;34m[0m
[1;32m     14[0m [0;34m[0m[0m
[1;32m     15[0m [0;32mimport[0m [0mnumpy[0m [0;32mas[0m [0mnp[0m[0;34m[0m[0;34m[0m[0m
[0;32m---> 16[0;31m from scipy._lib._array_api import (Array, array_namespace, is_lazy_array, is_numpy,
[0m[1;32m     17[0m                                    is_marray, xp_size, xp_result_device, xp_result_type)
[1;32m     18[0m [0;32mfrom[0m [0mscipy[0m[0;34m.[0m[0m_lib[0m[0;34m.[0m[0m_docscrape[0m [0;32mimport[0m [0mFunctionDoc[0m[0;34m,[0m [0mParameter[0m[0;34m[0m[0;34m[0m[0m
[0;32m/usr/local/lib/python3.13/dist-packages/scipy/_lib/_array_api.py[0m in [0;36m<module>[0;34m[0m
[1;32m     22[0m [0;32mimport[0m [0mnumpy[0m[0;34m.[0m[0mtyping[0m [0;32mas[0m [0mnpt[0m[0;34m[0m[0;34m[0m[0m
[1;32m     23[0m [0;34m[0m[0m
[0;32m---> 24[0;31m from scipy._external.array_api_compat import (
[0m[1;32m     25[0m     [0mis_array_api_obj[0m[0;34m,[0m[0;34m[0m[0;34m[0m[0m
[1;32m     26[0m     [0mis_lazy_array[0m[0;34m,[0m[0;34m[0m[0;34m[0m[0m
[0;32m/usr/local/lib/python3.13/dist-packages/scipy/_external/array_api_compat/numpy/__init__.py[0m in [0;36m<module>[0;34m[0m
[1;32m      7[0m [0;32mimport[0m [0mnumpy[0m[0;34m.[0m[0mtyping[0m  [0;31m# noqa: F401[0m[0;34m[0m[0;34m[0m[0m
[1;32m      8[0m [0;34m[0m[0m
[0;32m----> 9[0;31m [0m__all__[0m [0;34m=[0m [0mclone_module[0m[0;34m([0m[0;34m"numpy"[0m[0;34m,[0m [0mglobals[0m[0;34m([0m[0;34m)[0m[0;34m)[0m[0;34m[0m[0;34m[0m[0m
[0m[1;32m     10[0m [0;34m[0m[0m
[1;32m     11[0m [0;31m# These imports may overwrite names from the import * above.[0m[0;34m[0m[0;34m[0m[0m
[0;32m/usr/local/lib/python3.13/dist-packages/scipy/_external/array_api_compat/_internal.py[0m in [0;36mclone_module[0;34m(mod_name, globals_)[0m
[1;32m     62[0m     [0;31m# depending on various idiosyncrasies of the libraries we're wrapping.[0m[0;34m[0m[0;34m[0m[0m
[1;32m     63[0m     [0mobjs[0m [0;34m=[0m [0;34m{[0m[0;34m}[0m[0;34m[0m[0;34m[0m[0m
[0;32m---> 64[0;31m     [0mexec[0m[0;34m([0m[0;34mf"from {mod.__name__} import *"[0m[0;34m,[0m [0mobjs[0m[0;34m)[0m[0;34m[0m[0;34m[0m[0m
[0m[1;32m     65[0m [0;34m[0m[0m
[1;32m     66[0m     [0;32mfor[0m [0mn[0m [0;32min[0m [0mdir[0m[0;34m([0m[0mmod[0m[0;34m)[0m[0;34m:[0m[0;34m[0m[0;34m[0m[0m
[0;32m<string>[0m in [0;36m<module>[0;34m[0m
[0;32m/usr/local/lib/python3.13/dist-packages/numpy/__init__.py[0m in [0;36m__getattr__[0;34m(attr)[0m
[1;32m    377[0m         [0mrequire[0m[0;34m,[0m[0;34m[0m[0;34m[0m[0m
[1;32m    378[0m         [0mreshape[0m[0;34m,[0m[0;34m[0m[0;34m[0m[0m
[0;32m--> 379[0;31m         [0mresize[0m[0;34m,[0m[0;34m[0m[0;34m[0m[0m
[0m[1;32m    380[0m         [0mresult_type[0m[0;34m,[0m[0;34m[0m[0;34m[0m[0m
[1;32m    381[0m         [0mright_shift[0m[0;34m,[0m[0;34m[0m[0;34m[0m[0m
[0;32m/usr/local/lib/python3.13/dist-packages/numpy/strings/__init__.py[0m in [0;36m<module>[0;34m[0m
[0;32m----> 1[0;31m [0;32mfrom[0m [0mnumpy[0m[0;34m.[0m[0m_core[0m[0;34m.[0m[0mstrings[0m [0;32mimport[0m [0;34m*[0m[0;34m[0m[0;34m[0m[0m
[0m[1;32m      2[0m [0;32mfrom[0m [0mnumpy[0m[0;34m.[0m[0m_core[0m[0;34m.[0m[0mstrings[0m [0;32mimport[0m [0m__all__[0m[0;34m,[0m [0m__doc__[0m[0;34m[0m[0;34m[0m[0m
[0;32m/usr/local/lib/python3.13/dist-packages/numpy/_core/strings.py[0m in [0;36m<module>[0;34m[0m
[1;32m     20[0m [0;32mfrom[0m [0mnumpy[0m[0;34m.[0m[0m_core[0m[0;34m.[0m[0mmultiarray[0m [0;32mimport[0m [0m_vec_string[0m[0;34m[0m[0;34m[0m[0m
[1;32m     21[0m [0;32mfrom[0m [0mnumpy[0m[0;34m.[0m[0m_core[0m[0;34m.[0m[0moverrides[0m [0;32mimport[0m [0marray_function_dispatch[0m[0;34m,[0m [0mset_module[0m[0;34m[0m[0;34m[0m[0m
[0;32m---> 22[0;31m from numpy._core.umath import (
[0m[1;32m     23[0m     [0m_center[0m[0;34m,[0m[0;34m[0m[0;34m[0m[0m
[1;32m     24[0m     [0m_expandtabs[0m[0;34m,[0m[0;34m[0m[0;34m[0m[0m
[0;31mImportError[0m: cannot import name '_slice' from 'numpy._core.umath' (/usr/local/lib/python3.13/dist-packages/numpy/_core/umath.py)[0;31m---------------------------------------------------------------------------[0;32m
NOTE: If your import is failing due to a missing package, you can
manually install dependencies using either !pip or !apt.

To view examples of installing some common dependencies, click the
"Open Examples" button below.
[0;31m---------------------------------------------------------------------------[0m

[colab] Download failed: File or directory not found: /content/datafest-results-202609.tar.gz
[colab] Stopping session 'datafest-foundation'...
[colab] Session terminated.
Traceback (most recent call last):
  File "/home/chris/Documentos/projects/Datafest/scripts/run_foundation_colab.py", line 125, in <module>
    run(args.model,args.gpu,args.session,args.existing_session)
  File "/home/chris/Documentos/projects/Datafest/scripts/run_foundation_colab.py", line 100, in run
    command(["colab","download","-s",session,f"/content/datafest-results-{month}.tar.gz",str(recovered)])
  File "/home/chris/Documentos/projects/Datafest/scripts/run_foundation_colab.py", line 22, in command
    return subprocess.run(args,check=True,text=True,**kwargs)
           ^^^^^^^^^^^^^^^^^^^^^^^^^^^^^^^^^^^^^^^^^^^^^^^^^^
  File "/usr/lib/python3.12/subprocess.py", line 571, in run
    raise CalledProcessError(retcode, process.args,
subprocess.CalledProcessError: Command '['colab', 'download', '-s', 'datafest-foundation', '/content/datafest-results-202609.tar.gz', 'experiments/diagnostics/04_foundation/recovered_tabfm_202609.tar.gz']' returned non-zero exit status 1.
